2025-12-11 20:44:00,947 - INFO - Load dữ liệu và loại bỏ cột rác...
2025-12-11 20:44:01,317 - INFO - Đã chuẩn hóa tên cột (Clean Column Names).
2025-12-11 20:44:01,317 - INFO - Loại bỏ dòng trùng lặp...
2025-12-11 20:44:01,515 - INFO -    -> Shape sau khi loại bỏ trùng lặp: (87396, 32)
2025-12-11 20:44:01,515 - INFO - Loại bỏ cột không cần thiết...
2025-12-11 20:44:01,552 - INFO -    -> Đã xóa 6 cột.
2025-12-11 20:44:01,554 - INFO -  Feature Engineering (Custom)...
2025-12-11 20:44:01,554 - INFO - *** Đang thực hiện Feature Engineering đặc thù...
2025-12-11 20:44:01,742 - INFO - Điền giá trị thiếu (Fill Missing Values)...
2025-12-11 20:44:01,944 - INFO -    -> Shape sau khi xử lý sơ bộ: (87396, 24)
2025-12-11 20:44:01,960 - INFO - 3. Chia dữ liệu Train / Test ...
2025-12-11 20:44:01,978 - INFO - 


ModelTrainer initialized.
2025-12-11 20:44:02,043 - INFO -    -> Train shape: (69916, 23), Test shape: (17480, 23)
2025-12-11 20:44:02,043 - INFO - 4. Chạy Pipeline Tiền xử lý (Outlier, Encode, Scale)...
2025-12-11 20:44:02,043 - INFO -    -> Đang xử lý tập Train...
2025-12-11 20:44:03,698 - INFO -    -> Đang xử lý tập Test...
2025-12-11 20:44:05,318 - INFO -    -> Lưu dữ liệu đã xử lý vào thư mục data/processed ...
2025-12-11 20:44:07,397 - INFO - HOÀN TẤT PREPROCESSING.
2025-12-11 20:44:15,363 - INFO - *** BẮT ĐẦU QUY TRÌNH HUẤN LUYỆN: Auto...
2025-12-11 20:44:15,363 - INFO - 


ModelTrainer initialized.
2025-12-11 20:44:15,363 - INFO - Loading data from data\processed\train_processed.csv...
2025-12-11 20:44:15,676 - INFO - Loading data from data\processed\test_processed.csv...
2025-12-11 20:44:15,771 - INFO - Starting auto-selecting model....
2025-12-11 20:44:15,771 - INFO - Tuning hyperparameters for CatBoost...
2025-12-11 20:49:10,955 - INFO - Optimization complete. Best Params: {'learning_rate': 0.05, 'iterations': 500, 'depth': 8}
2025-12-11 20:49:10,964 - INFO - Best CV Score: 0.8247
2025-12-11 20:49:11,176 - INFO - Report: 
2025-12-11 20:49:11,179 - INFO - 
{
    "0": {
        "precision": 0.86142740194984,
        "recall": 0.9132149901380671,
        "f1-score": 0.8865655637254902,
        "support": 12675.0
    },
    "1": {
        "precision": 0.7279248083106604,
        "recall": 0.6124869927159209,
        "f1-score": 0.6652350813743219,
        "support": 4805.0
    },
    "accuracy": 0.8305491990846682,
    "macro avg": {
        "precision": 0.7946761051302502,
        "recall": 0.762850991426994,
        "f1-score": 0.775900322549906,
        "support": 17480.0
    },
    "weighted avg": {
        "precision": 0.8247294635953629,
        "recall": 0.8305491990846682,
        "f1-score": 0.8257250049327349,
        "support": 17480.0
    }
}
2025-12-11 20:49:11,377 - INFO -  saved models\feature_importance_CatBoost.csv
2025-12-11 20:49:11,542 - INFO - Mectrics for CatBoost saved to models\evaluation_CatBoost.json
2025-12-11 20:49:11,542 - INFO - Tuning hyperparameters for LightGBM...
2025-12-11 20:50:40,052 - INFO - Optimization complete. Best Params: {'num_leaves': 31, 'n_estimators': 500, 'learning_rate': 0.1}
2025-12-11 20:50:40,056 - INFO - Best CV Score: 0.8258
2025-12-11 20:50:40,253 - INFO - Report: 
2025-12-11 20:50:40,253 - INFO - 
{
    "0": {
        "precision": 0.8660707579058063,
        "recall": 0.9096646942800789,
        "f1-score": 0.8873326150531015,
        "support": 12675.0
    },
    "1": {
        "precision": 0.7252219822414206,
        "recall": 0.6289281997918834,
        "f1-score": 0.6736513597860009,
        "support": 4805.0
    },
    "accuracy": 0.8324942791762013,
    "macro avg": {
        "precision": 0.7956463700736135,
        "recall": 0.7692964470359811,
        "f1-score": 0.7804919874195512,
        "support": 17480.0
    },
    "weighted avg": {
        "precision": 0.8273534600186568,
        "recall": 0.8324942791762013,
        "f1-score": 0.8285947185108579,
        "support": 17480.0
    }
}
2025-12-11 20:50:40,291 - INFO -  saved models\feature_importance_LightGBM.csv
2025-12-11 20:50:40,591 - INFO - Mectrics for LightGBM saved to models\evaluation_LightGBM.json
2025-12-11 20:50:40,607 - INFO - Tuning hyperparameters for RandomForest...
2025-12-11 20:55:21,857 - INFO - Optimization complete. Best Params: {'n_estimators': 100, 'min_samples_split': 2, 'min_samples_leaf': 1, 'max_depth': 20, 'bootstrap': False}
2025-12-11 20:55:21,889 - INFO - Best CV Score: 0.8218
2025-12-11 20:55:22,237 - INFO - Report: 
2025-12-11 20:55:22,237 - INFO - 
{
    "0": {
        "precision": 0.8558830013963401,
        "recall": 0.9188165680473372,
        "f1-score": 0.8862339243588768,
        "support": 12675.0
    },
    "1": {
        "precision": 0.7343144848954299,
        "recall": 0.5918834547346514,
        "f1-score": 0.6554505646462319,
        "support": 4805.0
    },
    "accuracy": 0.8289473684210527,
    "macro avg": {
        "precision": 0.795098743145885,
        "recall": 0.7553500113909943,
        "f1-score": 0.7708422445025543,
        "support": 17480.0
    },
    "weighted avg": {
        "precision": 0.822465568799837,
        "recall": 0.8289473684210527,
        "f1-score": 0.8227949058566308,
        "support": 17480.0
    }
}
2025-12-11 20:55:22,364 - INFO -  saved models\feature_importance_RandomForest.csv
2025-12-11 20:55:22,985 - INFO - Mectrics for RandomForest saved to models\evaluation_RandomForest.json
2025-12-11 20:55:22,985 - INFO - Tuning hyperparameters for XGBoost...
2025-12-11 20:55:56,225 - INFO - Optimization complete. Best Params: {'subsample': 0.8, 'n_estimators': 300, 'max_depth': 6, 'learning_rate': 0.2}
2025-12-11 20:55:56,225 - INFO - Best CV Score: 0.8209
2025-12-11 20:55:56,292 - INFO - Report: 
2025-12-11 20:55:56,294 - INFO - 
{
    "0": {
        "precision": 0.8666867970106439,
        "recall": 0.9057988165680473,
        "f1-score": 0.8858112799938276,
        "support": 12675.0
    },
    "1": {
        "precision": 0.7179305457122608,
        "recall": 0.6324661810613944,
        "f1-score": 0.6724939145828723,
        "support": 4805.0
    },
    "accuracy": 0.8306636155606407,
    "macro avg": {
        "precision": 0.7923086713614523,
        "recall": 0.7691324988147208,
        "f1-score": 0.77915259728835,
        "support": 17480.0
    },
    "weighted avg": {
        "precision": 0.8257958480696409,
        "recall": 0.8306636155606407,
        "f1-score": 0.827173411527029,
        "support": 17480.0
    }
}
2025-12-11 20:55:56,310 - INFO -  saved models\feature_importance_XGBoost.csv
2025-12-11 20:55:56,440 - INFO - Mectrics for XGBoost saved to models\evaluation_XGBoost.json
2025-12-11 20:55:56,453 - INFO - Model comparison summary saved to models\model_comparison_summary.csv
2025-12-11 20:55:56,462 - INFO - 

THE BEST MODEL IS : LightGBM with accuracy 0.8257764701890113

2025-12-11 20:55:56,516 - INFO - Model saved to models\best_model.pkl
2025-12-11 20:55:56,516 - INFO - *** ĐÃ LƯU MODEL TẠI: models/best_model.pkl
2025-12-11 20:55:56,516 - INFO - Searching for evaluation files at: D:\NĂM 3\PYTHON for DS\FINAL_PROJECT\models\evaluation_*.json
2025-12-11 20:55:56,634 - INFO - Found 4 model evaluations. Generating plots....
2025-12-11 20:55:59,061 - INFO - Saved: comparison_confusion_matrices.png
